
Linker Version 8.7.7.220718
Input Object File: c:\users\tech\desktop\smokedetector\project_5240_c-v1.0.12\Output\ADC.OBJ
Input Object File: c:\users\tech\desktop\smokedetector\project_5240_c-v1.0.12\Output\AFE.OBJ
Input Object File: c:\users\tech\desktop\smokedetector\project_5240_c-v1.0.12\Output\A_BOARD.OBJ
Input Object File: c:\users\tech\desktop\smokedetector\project_5240_c-v1.0.12\Output\GPIO.OBJ
Input Object File: c:\users\tech\desktop\smokedetector\project_5240_c-v1.0.12\Output\A_KEY_DRV.OBJ
Input Object File: c:\users\tech\desktop\smokedetector\project_5240_c-v1.0.12\Output\RCC.OBJ
Input Object File: c:\users\tech\desktop\smokedetector\project_5240_c-v1.0.12\Output\A_SOFTDEBUG_DRV.OBJ
Input Object File: c:\users\tech\desktop\smokedetector\project_5240_c-v1.0.12\Output\A_SYS_FUNCTION.OBJ
Input Object File: c:\users\tech\desktop\smokedetector\project_5240_c-v1.0.12\Output\TM.OBJ
Input Object File: c:\users\tech\desktop\smokedetector\project_5240_c-v1.0.12\Output\A_VAL_DEFINE.OBJ
Input Object File: c:\users\tech\desktop\smokedetector\project_5240_c-v1.0.12\Output\MAIN.OBJ
Input Object File: c:\users\tech\desktop\smokedetector\project_5240_c-v1.0.12\Output\USERFUNCTION.OBJ
Input Object File: c:\users\tech\desktop\smokedetector\project_5240_c-v1.0.12\Output\USERISR.OBJ
Input Object File: c:\users\tech\desktop\smokedetector\project_5240_c-v1.0.12\Output\STARTUP1_L.OBJ
Input Object File: c:\users\tech\desktop\smokedetector\project_5240_c-v1.0.12\Output\PLT.OBJ

Input Library File: C:\Program Files\Holtek MCU Development Tools\HT-IDE3000V8.x\LIB\LIBHOLTEKGCC.LIB
Input Library File: C:\Program Files\Holtek MCU Development Tools\HT-IDE3000V8.x\LIB\v3_lmrsc.lib
Input Library File: C:\users\tech\desktop\smokedetector\project_5240_c-v1.0.12\LIB\A_SM_5240_C_V1.0.12.lib


     Bank    Start     End      Length     Class    AvgIns    Name
     00h     0000h     0000h    0001h      CODE               @code (c:\users\tech\desktop\smokedetector\project_5240_c-v1.0.12\Output\MAIN.OBJ)
     00h     0001h     0006h    0006h      CODE               _S_ADC_Init (c:\users\tech\desktop\smokedetector\project_5240_c-v1.0.12\Output\ADC.OBJ)
     00h     0007h     0009h    0003h      CODE               _S_SM_ISINK1_OFF (c:\users\tech\desktop\smokedetector\project_5240_c-v1.0.12\Output\AFE.OBJ)
     00h     000ah     000ah    0001h      CODE               _S_KEY_Init (c:\users\tech\desktop\smokedetector\project_5240_c-v1.0.12\Output\A_KEY_DRV.OBJ)
     00h     000bh     000bh    0001h      CODE               _S_USER_INIT (c:\users\tech\desktop\smokedetector\project_5240_c-v1.0.12\Output\USERFUNCTION.OBJ)
     00h     000ch     000fh    0004h      CODE               @INT1_ISR_code (c:\users\tech\desktop\smokedetector\project_5240_c-v1.0.12\Output\MAIN.OBJ)
     00h     0010h     0021h    0012h      CODE               @ROMDATA_BASE (c:\users\tech\desktop\smokedetector\project_5240_c-v1.0.12\Output\STARTUP1_L.OBJ)
     00h     0022h     0028h    0007h      CODE               _S_SM_ISINK0_ON (c:\users\tech\desktop\smokedetector\project_5240_c-v1.0.12\Output\AFE.OBJ)
     00h     0029h     002fh    0007h      CODE               _S_SM_ISINK1_ON (c:\users\tech\desktop\smokedetector\project_5240_c-v1.0.12\Output\AFE.OBJ)
     00h     0030h     0030h    0001h      CODE               @S_TB0_ISR_code (c:\users\tech\desktop\smokedetector\project_5240_c-v1.0.12\Output\USERISR.OBJ)
     00h     0031h     0033h    0003h      CODE               _S_SM_ISINK0_OFF (c:\users\tech\desktop\smokedetector\project_5240_c-v1.0.12\Output\AFE.OBJ)
     00h     0034h     0037h    0004h      CODE               @TB1_ISR_code (c:\users\tech\desktop\smokedetector\project_5240_c-v1.0.12\Output\MAIN.OBJ)
     00h     0038h     0072h    003bh      CODE               @start (c:\users\tech\desktop\smokedetector\project_5240_c-v1.0.12\Output\MAIN.OBJ)
     00h     0073h     0243h    01d1h      CODE               cs (C:\users\tech\desktop\smokedetector\project_5240_c-v1.0.12\LIB\A_SM_5240_C_V1.0.12.lib)
     00h     0244h     027fh    003ch      CODE               @crom (c:\users\tech\desktop\smokedetector\project_5240_c-v1.0.12\Output\MAIN.OBJ)
     00h     0280h     02fah    007bh      CODE               _S_READ_ADC (c:\users\tech\desktop\smokedetector\project_5240_c-v1.0.12\Output\ADC.OBJ)
     00h     02fbh     034dh    0053h      CODE               _S_ADJ_OPA0 (c:\users\tech\desktop\smokedetector\project_5240_c-v1.0.12\Output\AFE.OBJ)
     00h     034eh     03a0h    0053h      CODE               _S_ADJ_OPA1 (c:\users\tech\desktop\smokedetector\project_5240_c-v1.0.12\Output\AFE.OBJ)
     00h     03a1h     03bfh    001fh      CODE               _S_OPA_Init (c:\users\tech\desktop\smokedetector\project_5240_c-v1.0.12\Output\AFE.OBJ)
     00h     03c0h     03c3h    0004h      CODE               _S_SM_OPA_ON (c:\users\tech\desktop\smokedetector\project_5240_c-v1.0.12\Output\AFE.OBJ)
     00h     03c4h     03c7h    0004h      CODE               _S_SM_OPA_OFF (c:\users\tech\desktop\smokedetector\project_5240_c-v1.0.12\Output\AFE.OBJ)
     00h     03c8h     03d6h    000fh      CODE               _S_SM_TX0_DELAY (c:\users\tech\desktop\smokedetector\project_5240_c-v1.0.12\Output\AFE.OBJ)
     00h     03d7h     03e5h    000fh      CODE               _S_SM_TX1_DELAY (c:\users\tech\desktop\smokedetector\project_5240_c-v1.0.12\Output\AFE.OBJ)
     00h     03e6h     03f4h    000fh      CODE               _S_OPA_STATIME (c:\users\tech\desktop\smokedetector\project_5240_c-v1.0.12\Output\AFE.OBJ)
     00h     03f5h     03ffh    000bh      CODE               _S_BAT_CK_DELAY (c:\users\tech\desktop\smokedetector\project_5240_c-v1.0.12\Output\AFE.OBJ)
     00h     0400h     0417h    0018h      CODE               _S_RAM_Init (c:\users\tech\desktop\smokedetector\project_5240_c-v1.0.12\Output\A_BOARD.OBJ)
     00h     0418h     044dh    0036h      CODE               _S_LED_DRV (c:\users\tech\desktop\smokedetector\project_5240_c-v1.0.12\Output\A_BOARD.OBJ)
     00h     044eh     0457h    000ah      CODE               _S_SM_INIT (c:\users\tech\desktop\smokedetector\project_5240_c-v1.0.12\Output\A_BOARD.OBJ)
     00h     0458h     046eh    0017h      CODE               _S_BOARD_INI (c:\users\tech\desktop\smokedetector\project_5240_c-v1.0.12\Output\A_BOARD.OBJ)
     00h     046fh     0495h    0027h      CODE               _S_HUSH_COUNT (c:\users\tech\desktop\smokedetector\project_5240_c-v1.0.12\Output\A_BOARD.OBJ)
     00h     0496h     050ch    0077h      CODE               _S_BAT_CHECK (c:\users\tech\desktop\smokedetector\project_5240_c-v1.0.12\Output\A_BOARD.OBJ)
     00h     050dh     0523h    0017h      CODE               _S_V_CONVER (c:\users\tech\desktop\smokedetector\project_5240_c-v1.0.12\Output\A_BOARD.OBJ)
     00h     0524h     0586h    0063h      CODE               _S_SM_T_REF (c:\users\tech\desktop\smokedetector\project_5240_c-v1.0.12\Output\A_BOARD.OBJ)
     00h     0587h     05a9h    0023h      CODE               _S_WR_EE (c:\users\tech\desktop\smokedetector\project_5240_c-v1.0.12\Output\A_BOARD.OBJ)
     00h     05aah     05bdh    0014h      CODE               _S_GPIO_Init (c:\users\tech\desktop\smokedetector\project_5240_c-v1.0.12\Output\GPIO.OBJ)
     00h     05beh     05e3h    0026h      CODE               _S_KEY_UPDATE (c:\users\tech\desktop\smokedetector\project_5240_c-v1.0.12\Output\A_KEY_DRV.OBJ)
     00h     05e4h     0604h    0021h      CODE               _S_KEY_PROCESS (c:\users\tech\desktop\smokedetector\project_5240_c-v1.0.12\Output\A_KEY_DRV.OBJ)
     00h     0605h     060ah    0006h      CODE               _S_RCC_Init (c:\users\tech\desktop\smokedetector\project_5240_c-v1.0.12\Output\RCC.OBJ)
     00h     060bh     0616h    000ch      CODE               _S_Timebase_Init (c:\users\tech\desktop\smokedetector\project_5240_c-v1.0.12\Output\RCC.OBJ)
     00h     0617h     0623h    000dh      CODE               _S_SFUART_Init (c:\users\tech\desktop\smokedetector\project_5240_c-v1.0.12\Output\A_SOFTDEBUG_DRV.OBJ)
     00h     0624h     0648h    0025h      CODE               _S_SFUART_SEND (c:\users\tech\desktop\smokedetector\project_5240_c-v1.0.12\Output\A_SOFTDEBUG_DRV.OBJ)
     00h     0649h     0678h    0030h      CODE               _S_SFUART_RXINT (c:\users\tech\desktop\smokedetector\project_5240_c-v1.0.12\Output\A_SOFTDEBUG_DRV.OBJ)
     00h     0679h     0771h    00f9h      CODE               _S_SFUART_DEAL (c:\users\tech\desktop\smokedetector\project_5240_c-v1.0.12\Output\A_SOFTDEBUG_DRV.OBJ)
     00h     0772h     07cdh    005ch      CODE               _S_SOFTDEBUG_Output (c:\users\tech\desktop\smokedetector\project_5240_c-v1.0.12\Output\A_SOFTDEBUG_DRV.OBJ)
     00h     07ceh     07dah    000dh      CODE               _S_SysTimeTask (c:\users\tech\desktop\smokedetector\project_5240_c-v1.0.12\Output\A_SYS_FUNCTION.OBJ)
     00h     07dbh     07e2h    0008h      CODE               _S_CLR_OUTPUT (c:\users\tech\desktop\smokedetector\project_5240_c-v1.0.12\Output\A_SYS_FUNCTION.OBJ)
     00h     07e3h     07f2h    0010h      CODE               _S_SYS_DELAY (c:\users\tech\desktop\smokedetector\project_5240_c-v1.0.12\Output\A_SYS_FUNCTION.OBJ)
     00h     07f3h     08c5h    00d3h      CODE               _S_MODE_JUDG (c:\users\tech\desktop\smokedetector\project_5240_c-v1.0.12\Output\A_SYS_FUNCTION.OBJ)
     00h     08c6h     08c7h    0002h      CODE               _S_PTM_Init (c:\users\tech\desktop\smokedetector\project_5240_c-v1.0.12\Output\TM.OBJ)
     00h     08c8h     08d1h    000ah      CODE               _S_BUZZ_Init (c:\users\tech\desktop\smokedetector\project_5240_c-v1.0.12\Output\TM.OBJ)
     00h     08d2h     08dch    000bh      CODE               _S_STM_Init (c:\users\tech\desktop\smokedetector\project_5240_c-v1.0.12\Output\TM.OBJ)
     00h     08ddh     0937h    005bh      CODE               _S_BUZZ_DRV (c:\users\tech\desktop\smokedetector\project_5240_c-v1.0.12\Output\TM.OBJ)
     00h     0938h     0af3h    01bch      CODE               _main (c:\users\tech\desktop\smokedetector\project_5240_c-v1.0.12\Output\MAIN.OBJ)
     00h     0af4h     0af8h    0005h      CODE               _TB1_ISR (c:\users\tech\desktop\smokedetector\project_5240_c-v1.0.12\Output\MAIN.OBJ)
     00h     0af9h     0b40h    0048h      CODE               _read_temprature (c:\users\tech\desktop\smokedetector\project_5240_c-v1.0.12\Output\MAIN.OBJ)
     00h     0b41h     0b64h    0024h      CODE               _INT1_ISR (c:\users\tech\desktop\smokedetector\project_5240_c-v1.0.12\Output\MAIN.OBJ)
     00h     0b65h     0b65h    0001h      CODE               _S_USER_8MS_WORK_PERIOD (c:\users\tech\desktop\smokedetector\project_5240_c-v1.0.12\Output\USERFUNCTION.OBJ)
     00h     0b66h     0bc5h    0060h      CODE               _S_USER_1S_WORK_PERIOD (c:\users\tech\desktop\smokedetector\project_5240_c-v1.0.12\Output\USERFUNCTION.OBJ)
     00h     0bc6h     0c75h    00b0h      CODE               _print (c:\users\tech\desktop\smokedetector\project_5240_c-v1.0.12\Output\USERFUNCTION.OBJ)
     00h     0c76h     0d19h    00a4h      CODE               _PLT0InputOffsetCalibration (c:\users\tech\desktop\smokedetector\project_5240_c-v1.0.12\Output\PLT.OBJ)
     00h     0d1ah     0dbdh    00a4h      CODE               _PLT1InputOffsetCalibration (c:\users\tech\desktop\smokedetector\project_5240_c-v1.0.12\Output\PLT.OBJ)
     00h     0dbeh     0dceh    0011h      CODE               _PLT0Recive (c:\users\tech\desktop\smokedetector\project_5240_c-v1.0.12\Output\PLT.OBJ)
     00h     0dcfh     0ddfh    0011h      CODE               _PLT1Recive (c:\users\tech\desktop\smokedetector\project_5240_c-v1.0.12\Output\PLT.OBJ)
     00h     0de0h     0de9h    000ah      CODE               __DELAYX (C:\Program Files\Holtek MCU Development Tools\HT-IDE3000V8.x\LIB\LIBHOLTEKGCC.LIB)
     00h     0deah     0df7h    000eh      CODE               _builtin_holtek_delay_isr00 (C:\Program Files\Holtek MCU Development Tools\HT-IDE3000V8.x\LIB\LIBHOLTEKGCC.LIB)
     00h     0df8h     0e3ah    0043h      CODE               _builtin_holtek_divmodsi4_isr00 (C:\Program Files\Holtek MCU Development Tools\HT-IDE3000V8.x\LIB\LIBHOLTEKGCC.LIB)
     00h     0e3bh     0e5fh    0025h      CODE               _builtin_holtek_divmodhi4_isr00 (C:\Program Files\Holtek MCU Development Tools\HT-IDE3000V8.x\LIB\LIBHOLTEKGCC.LIB)
     00h     0e60h     0e72h    0013h      CODE               _builtin_holtek_mulhi3_isr00 (C:\Program Files\Holtek MCU Development Tools\HT-IDE3000V8.x\LIB\LIBHOLTEKGCC.LIB)
     00h     0e73h     0e7dh    000bh      CODE               _srand (C:\Program Files\Holtek MCU Development Tools\HT-IDE3000V8.x\LIB\v3_lmrsc.lib)
     00h     0e7eh     0ebah    003dh      CODE               _rand (C:\Program Files\Holtek MCU Development Tools\HT-IDE3000V8.x\LIB\v3_lmrsc.lib)
     00h     0ebbh     0ed9h    001fh      CODE               _builtin_holtek_mulsi3_isr00 (C:\Program Files\Holtek MCU Development Tools\HT-IDE3000V8.x\LIB\LIBHOLTEKGCC.LIB)
     00h     0edah     0ee7h    000eh      CODE               _CROM2PROM (CROM2PROM)
     00h     0080h     0081h    0002h      DATA     2         @BITDATASEC (c:\users\tech\desktop\smokedetector\project_5240_c-v1.0.12\Output\STARTUP1_L.OBJ)
     00h     0082h     0082h    0001h      DATA     673       @data_ra (C:\Program Files\Holtek MCU Development Tools\HT-IDE3000V8.x\LIB\LIBHOLTEKGCC.LIB)
     00h     0083h     0083h    0001h      DATA     210       @data_rb (C:\Program Files\Holtek MCU Development Tools\HT-IDE3000V8.x\LIB\LIBHOLTEKGCC.LIB)
     00h     0084h     0084h    0001h      DATA     71        @data_rc (C:\Program Files\Holtek MCU Development Tools\HT-IDE3000V8.x\LIB\LIBHOLTEKGCC.LIB)
     00h     0085h     0085h    0001h      DATA     69        @data_rd (C:\Program Files\Holtek MCU Development Tools\HT-IDE3000V8.x\LIB\LIBHOLTEKGCC.LIB)
     00h     0086h     0086h    0001h      DATA     3         @data_re (C:\Program Files\Holtek MCU Development Tools\HT-IDE3000V8.x\LIB\LIBHOLTEKGCC.LIB)
     00h     0087h     0087h    0001h      DATA     4         @data_rf (C:\Program Files\Holtek MCU Development Tools\HT-IDE3000V8.x\LIB\LIBHOLTEKGCC.LIB)
     00h     0088h     0088h    0001h      DATA     4         @data_rg (C:\Program Files\Holtek MCU Development Tools\HT-IDE3000V8.x\LIB\LIBHOLTEKGCC.LIB)
     00h     0089h     00b7h    002fh      DATA     6.0213    ds (C:\users\tech\desktop\smokedetector\project_5240_c-v1.0.12\LIB\A_SM_5240_C_V1.0.12.lib)
     00h     00b8h     00b8h    0001h      DATA     6         @data_ra0c (isr:ra~rh)
     00h     00b9h     00b9h    0001h      DATA     3         @data_rb0c (isr:ra~rh)
     00h     00bah     00bah    0001h      DATA     2         @data_rc0c (isr:ra~rh)
     00h     00bbh     00bbh    0001h      DATA     2         @data_r134 (isr:ra~rh)
     00h     00bch     00bch    0001h      DATA     2         @data_r234 (isr:ra~rh)
     00h     00bdh     00bdh    0001h      DATA     2         @data_r10c (isr:ra~rh)
     00h     00beh     00beh    0001h      DATA     2         @data_r20c (isr:ra~rh)
     00h     00d2h     00d3h    0002h      DATA     1         @HCCINIT___flag_1981 (c:\users\tech\desktop\smokedetector\project_5240_c-v1.0.12\Output\A_BOARD.OBJ)
     00h     00d4h     00d5h    0002h      DATA     0         @HCCINIT___cunter_1980 (c:\users\tech\desktop\smokedetector\project_5240_c-v1.0.12\Output\A_BOARD.OBJ)
     00h     00d6h     00d7h    0002h      DATA     4         @HCCINIT___cunter_1988 (c:\users\tech\desktop\smokedetector\project_5240_c-v1.0.12\Output\A_SYS_FUNCTION.OBJ)
     00h     00d8h     00d8h    0001h      DATA     3         @HCCINIT_firstOneTurnON (c:\users\tech\desktop\smokedetector\project_5240_c-v1.0.12\Output\MAIN.OBJ)
     00h     00d9h     00dch    0004h      DATA     10        @HCCINIT_randomDelay (c:\users\tech\desktop\smokedetector\project_5240_c-v1.0.12\Output\MAIN.OBJ)
     00h     00ddh     00e0h    0004h      DATA     3         @HCCINIT_timeOUTDelay (c:\users\tech\desktop\smokedetector\project_5240_c-v1.0.12\Output\MAIN.OBJ)
     00h     00e1h     00e1h    0001h      DATA     4         @HCCINIT___plt0_2034 (c:\users\tech\desktop\smokedetector\project_5240_c-v1.0.12\Output\USERFUNCTION.OBJ)
     00h     00e2h     00e3h    0002h      DATA     7         @HCCINIT___counterPLT_2035 (c:\users\tech\desktop\smokedetector\project_5240_c-v1.0.12\Output\USERFUNCTION.OBJ)
     00h     00e4h     00e5h    0002h      DATA     2         @HCCINIT_VC0OS1 (c:\users\tech\desktop\smokedetector\project_5240_c-v1.0.12\Output\PLT.OBJ)
     00h     00e6h     00e7h    0002h      DATA     2         @HCCINIT_VC0OS2 (c:\users\tech\desktop\smokedetector\project_5240_c-v1.0.12\Output\PLT.OBJ)
     00h     00e8h     00e9h    0002h      DATA     2         @HCCINIT_VC1OS1 (c:\users\tech\desktop\smokedetector\project_5240_c-v1.0.12\Output\PLT.OBJ)
     00h     00eah     00ebh    0002h      DATA     2         @HCCINIT_VC1OS2 (c:\users\tech\desktop\smokedetector\project_5240_c-v1.0.12\Output\PLT.OBJ)
     00h     00ech     00edh    0002h      DATA     13        @HCCINIT___value_1963 (c:\users\tech\desktop\smokedetector\project_5240_c-v1.0.12\Output\PLT.OBJ)
     00h     00eeh     00efh    0002h      DATA     13        @HCCINIT___value_1974 (c:\users\tech\desktop\smokedetector\project_5240_c-v1.0.12\Output\PLT.OBJ)
     00h     00f0h     00f0h    0001h      DATA     16        @HCCINIT0_R_EE_DATA (c:\users\tech\desktop\smokedetector\project_5240_c-v1.0.12\Output\A_VAL_DEFINE.OBJ)
     00h     00f1h     00f1h    0001h      DATA     16        @HCCINIT0_R_EE_ADDR (c:\users\tech\desktop\smokedetector\project_5240_c-v1.0.12\Output\A_VAL_DEFINE.OBJ)
     00h     00f2h     00f2h    0001h      DATA     7         @HCCINIT0_R_LONG_DELAY (c:\users\tech\desktop\smokedetector\project_5240_c-v1.0.12\Output\A_VAL_DEFINE.OBJ)
     00h     00f3h     00f3h    0001h      DATA     26        @HCCINIT0_R_SYS_FG (c:\users\tech\desktop\smokedetector\project_5240_c-v1.0.12\Output\A_VAL_DEFINE.OBJ)
     00h     00f4h     00f4h    0001h      DATA     20        @HCCINIT0_R_BOARD_FG (c:\users\tech\desktop\smokedetector\project_5240_c-v1.0.12\Output\A_VAL_DEFINE.OBJ)
     00h     00f5h     00f5h    0001h      DATA     8         @HCCINIT0_R_SYS_MODE_FG (c:\users\tech\desktop\smokedetector\project_5240_c-v1.0.12\Output\A_VAL_DEFINE.OBJ)
     00h     00f6h     00f6h    0001h      DATA     7         @HCCINIT0_R_BUZZ_ALARM_DELAY (c:\users\tech\desktop\smokedetector\project_5240_c-v1.0.12\Output\A_VAL_DEFINE.OBJ)
     00h     00f7h     00f7h    0001h      DATA     5         @HCCINIT0_R_BUZZ_ALARM_CNT (c:\users\tech\desktop\smokedetector\project_5240_c-v1.0.12\Output\A_VAL_DEFINE.OBJ)
     00h     00f8h     00f8h    0001h      DATA     17        @HCCINIT0_R_BUZZ_ALARM_FG (c:\users\tech\desktop\smokedetector\project_5240_c-v1.0.12\Output\A_VAL_DEFINE.OBJ)
     00h     00f9h     00f9h    0001h      DATA     3         @HCCINIT0_R_KEY_ISCHANGE (c:\users\tech\desktop\smokedetector\project_5240_c-v1.0.12\Output\A_VAL_DEFINE.OBJ)
     00h     00fah     00fah    0001h      DATA     10        @HCCINIT0_R_KEY1_STATE (c:\users\tech\desktop\smokedetector\project_5240_c-v1.0.12\Output\A_VAL_DEFINE.OBJ)
     00h     00fbh     00fch    0002h      DATA     2         @HCCINIT0_R_DEBOUNCE_CNT (c:\users\tech\desktop\smokedetector\project_5240_c-v1.0.12\Output\A_VAL_DEFINE.OBJ)
     00h     00fdh     00fdh    0001h      DATA     0         @HCCINIT0_R_KEY_DEBOUNCE (c:\users\tech\desktop\smokedetector\project_5240_c-v1.0.12\Output\A_VAL_DEFINE.OBJ)
     00h     00feh     00feh    0001h      DATA     6         @HCCINIT0_R_LED_ALARM_DELAY (c:\users\tech\desktop\smokedetector\project_5240_c-v1.0.12\Output\A_VAL_DEFINE.OBJ)
     00h     00ffh     00ffh    0001h      DATA     8         @HCCINIT0_R_NOR_DELAY (c:\users\tech\desktop\smokedetector\project_5240_c-v1.0.12\Output\A_VAL_DEFINE.OBJ)
     01h     0080h     0080h    0001h      DATA     12        @HCCINIT0_R_LED_ALARM_FG (c:\users\tech\desktop\smokedetector\project_5240_c-v1.0.12\Output\A_VAL_DEFINE.OBJ)
     01h     0081h     0082h    0002h      DATA     4         @HCCINIT0_R16_HUSH_DELAY (c:\users\tech\desktop\smokedetector\project_5240_c-v1.0.12\Output\A_VAL_DEFINE.OBJ)
     01h     0083h     0083h    0001h      DATA     3         @HCCINIT0_R_BAT_ADC (c:\users\tech\desktop\smokedetector\project_5240_c-v1.0.12\Output\A_VAL_DEFINE.OBJ)
     01h     0084h     0084h    0001h      DATA     7         @HCCINIT0_R_BAT_CK_SPACE (c:\users\tech\desktop\smokedetector\project_5240_c-v1.0.12\Output\A_VAL_DEFINE.OBJ)
     01h     0085h     0090h    000ch      DATA     0         @HCCINIT0_R_SFUART_RXDAT (c:\users\tech\desktop\smokedetector\project_5240_c-v1.0.12\Output\A_VAL_DEFINE.OBJ)
     01h     0091h     0091h    0001h      DATA     7         @HCCINIT0_R_SFUART_RXCNT (c:\users\tech\desktop\smokedetector\project_5240_c-v1.0.12\Output\A_VAL_DEFINE.OBJ)
     01h     0092h     0092h    0001h      DATA     3         @HCCINIT0_R_UART_RUNCNT (c:\users\tech\desktop\smokedetector\project_5240_c-v1.0.12\Output\A_VAL_DEFINE.OBJ)
     01h     0093h     0093h    0001h      DATA     3         @HCCINIT0_R_SFCHECK_SUM (c:\users\tech\desktop\smokedetector\project_5240_c-v1.0.12\Output\A_VAL_DEFINE.OBJ)
     01h     0094h     0094h    0001h      DATA     4         @HCCINIT0_ntemp (c:\users\tech\desktop\smokedetector\project_5240_c-v1.0.12\Output\MAIN.OBJ)
     01h     0095h     0095h    0001h      DATA     3         @HCCINIT0_mem_temp (c:\users\tech\desktop\smokedetector\project_5240_c-v1.0.12\Output\MAIN.OBJ)
     01h     0096h     0096h    0001h      DATA     7         @HCCINIT0_r (c:\users\tech\desktop\smokedetector\project_5240_c-v1.0.12\Output\MAIN.OBJ)
     01h     0097h     0097h    0001h      DATA     3         @HCCINIT0_temp_ADC (c:\users\tech\desktop\smokedetector\project_5240_c-v1.0.12\Output\MAIN.OBJ)
     01h     0098h     0099h    0002h      DATA     2         @HCCINIT0_offset0 (c:\users\tech\desktop\smokedetector\project_5240_c-v1.0.12\Output\MAIN.OBJ)
     01h     009ah     009bh    0002h      DATA     2         @HCCINIT0_offset1 (c:\users\tech\desktop\smokedetector\project_5240_c-v1.0.12\Output\MAIN.OBJ)
     01h     009ch     009fh    0004h      DATA     3         @HCCINIT0_randx (C:\Program Files\Holtek MCU Development Tools\HT-IDE3000V8.x\LIB\v3_lmrsc.lib)
     01h     00a0h     00a0h    0001h      DATA     2         @data_r30c (isr:ra~rh)
     01h     00a1h     00a1h    0001h      DATA     2         @data_r40c (isr:ra~rh)
     01h     00a2h     00a2h    0001h      DATA     2         @data_r50c (isr:ra~rh)
     01h     00a3h     00a3h    0001h      DATA     2         @data_r60c (isr:ra~rh)

     Local Sections

     Bank    Start     End      Length     Class    AvgIns    Name
     00h     00c1h     00c1h    0001h      LOCAL    4         _S_SM_TX0_DELAY (c:\users\tech\desktop\smokedetector\project_5240_c-v1.0.12\Output\AFE.OBJ)
     00h     00bfh     00bfh    0000h      LOCAL    0         __DELAYX (C:\Program Files\Holtek MCU Development Tools\HT-IDE3000V8.x\LIB\LIBHOLTEKGCC.LIB)
     00h     00c1h     00c1h    0001h      LOCAL    4         _S_SM_TX1_DELAY (c:\users\tech\desktop\smokedetector\project_5240_c-v1.0.12\Output\AFE.OBJ)
     00h     00c1h     00c1h    0001h      LOCAL    4         _S_OPA_STATIME (c:\users\tech\desktop\smokedetector\project_5240_c-v1.0.12\Output\AFE.OBJ)
     00h     00c1h     00c4h    0004h      LOCAL    9.75      _S_SFUART_DEAL (c:\users\tech\desktop\smokedetector\project_5240_c-v1.0.12\Output\A_SOFTDEBUG_DRV.OBJ)
     00h     00c1h     00c1h    0000h      LOCAL    0         _Crom2Prom (CROM2PROM)
     00h     00c1h     00c1h    0000h      LOCAL    0         _S_CLR_OUTPUT (c:\users\tech\desktop\smokedetector\project_5240_c-v1.0.12\Output\A_SYS_FUNCTION.OBJ)
     00h     00c4h     00c4h    0000h      LOCAL    0         _S_SOFTDEBUG_Output (c:\users\tech\desktop\smokedetector\project_5240_c-v1.0.12\Output\A_SOFTDEBUG_DRV.OBJ)
     00h     00c1h     00c3h    0003h      LOCAL    2         _S_SFUART_SEND (c:\users\tech\desktop\smokedetector\project_5240_c-v1.0.12\Output\A_SOFTDEBUG_DRV.OBJ)
     00h     00d2h     00d2h    0000h      LOCAL    0         @dummy (c:\users\tech\desktop\smokedetector\project_5240_c-v1.0.12\Output\MAIN.OBJ)
     00h     00d2h     00d2h    0000h      LOCAL    0         _main (c:\users\tech\desktop\smokedetector\project_5240_c-v1.0.12\Output\MAIN.OBJ)
     00h     00c1h     00c1h    0001h      LOCAL    2         _S_RAM_Init (c:\users\tech\desktop\smokedetector\project_5240_c-v1.0.12\Output\A_BOARD.OBJ)
     00h     00c1h     00c1h    0000h      LOCAL    0         _S_GPIO_Init (c:\users\tech\desktop\smokedetector\project_5240_c-v1.0.12\Output\GPIO.OBJ)
     00h     00c1h     00c1h    0000h      LOCAL    0         _S_RCC_Init (c:\users\tech\desktop\smokedetector\project_5240_c-v1.0.12\Output\RCC.OBJ)
     00h     00c4h     00c4h    0000h      LOCAL    0         _S_OPA_Init (c:\users\tech\desktop\smokedetector\project_5240_c-v1.0.12\Output\AFE.OBJ)
     00h     00c2h     00c3h    0002h      LOCAL    3         _S_ADJ_OPA0 (c:\users\tech\desktop\smokedetector\project_5240_c-v1.0.12\Output\AFE.OBJ)
     00h     00c1h     00c1h    0001h      LOCAL    11        _builtin_holtek_delay_isr00 (C:\Program Files\Holtek MCU Development Tools\HT-IDE3000V8.x\LIB\LIBHOLTEKGCC.LIB)
     00h     00c2h     00c3h    0002h      LOCAL    3         _S_ADJ_OPA1 (c:\users\tech\desktop\smokedetector\project_5240_c-v1.0.12\Output\AFE.OBJ)
     00h     00c1h     00c1h    0000h      LOCAL    0         _S_PTM_Init (c:\users\tech\desktop\smokedetector\project_5240_c-v1.0.12\Output\TM.OBJ)
     00h     00c1h     00c1h    0000h      LOCAL    0         _S_BUZZ_Init (c:\users\tech\desktop\smokedetector\project_5240_c-v1.0.12\Output\TM.OBJ)
     00h     00c1h     00c1h    0000h      LOCAL    0         _S_STM_Init (c:\users\tech\desktop\smokedetector\project_5240_c-v1.0.12\Output\TM.OBJ)
     00h     00c1h     00c1h    0000h      LOCAL    0         _S_SM_INIT (c:\users\tech\desktop\smokedetector\project_5240_c-v1.0.12\Output\A_BOARD.OBJ)
     00h     00c1h     00c1h    0001h      LOCAL    4         _S_BOARD_INI (c:\users\tech\desktop\smokedetector\project_5240_c-v1.0.12\Output\A_BOARD.OBJ)
     00h     00c1h     00c1h    0000h      LOCAL    0         _S_KEY_Init (c:\users\tech\desktop\smokedetector\project_5240_c-v1.0.12\Output\A_KEY_DRV.OBJ)
     00h     00c1h     00c1h    0000h      LOCAL    0         _S_SFUART_Init (c:\users\tech\desktop\smokedetector\project_5240_c-v1.0.12\Output\A_SOFTDEBUG_DRV.OBJ)
     00h     00c1h     00c1h    0000h      LOCAL    0         _S_USER_INIT (c:\users\tech\desktop\smokedetector\project_5240_c-v1.0.12\Output\USERFUNCTION.OBJ)
     00h     00c1h     00c1h    0000h      LOCAL    0         _S_Timebase_Init (c:\users\tech\desktop\smokedetector\project_5240_c-v1.0.12\Output\RCC.OBJ)
     00h     00c2h     00c3h    0002h      LOCAL    3         _S_SYS_DELAY (c:\users\tech\desktop\smokedetector\project_5240_c-v1.0.12\Output\A_SYS_FUNCTION.OBJ)
     00h     00c1h     00c3h    0003h      LOCAL    3         _S_READ_ADC (c:\users\tech\desktop\smokedetector\project_5240_c-v1.0.12\Output\ADC.OBJ)
     00h     00c1h     00c1h    0000h      LOCAL    0         _read_temprature (c:\users\tech\desktop\smokedetector\project_5240_c-v1.0.12\Output\MAIN.OBJ)
     00h     00c1h     00c2h    0002h      LOCAL    12        _PLT0InputOffsetCalibration (c:\users\tech\desktop\smokedetector\project_5240_c-v1.0.12\Output\PLT.OBJ)
     00h     00c1h     00c2h    0002h      LOCAL    12        _PLT1InputOffsetCalibration (c:\users\tech\desktop\smokedetector\project_5240_c-v1.0.12\Output\PLT.OBJ)
     00h     00c1h     00c2h    0002h      LOCAL    2         _srand (C:\Program Files\Holtek MCU Development Tools\HT-IDE3000V8.x\LIB\v3_lmrsc.lib)
     00h     00cdh     00cdh    0000h      LOCAL    0         _rand (C:\Program Files\Holtek MCU Development Tools\HT-IDE3000V8.x\LIB\v3_lmrsc.lib)
     00h     00c1h     00cch    000ch      LOCAL    3.0833    _builtin_holtek_mulsi3_isr00 (C:\Program Files\Holtek MCU Development Tools\HT-IDE3000V8.x\LIB\LIBHOLTEKGCC.LIB)
     00h     00c1h     00ceh    000eh      LOCAL    4.7143    _builtin_holtek_divmodsi4_isr00 (C:\Program Files\Holtek MCU Development Tools\HT-IDE3000V8.x\LIB\LIBHOLTEKGCC.LIB)
     00h     00c9h     00d1h    0009h      LOCAL    6.3333    _print (c:\users\tech\desktop\smokedetector\project_5240_c-v1.0.12\Output\USERFUNCTION.OBJ)
     00h     00c1h     00c8h    0008h      LOCAL    6.875     _builtin_holtek_divmodhi4_isr00 (C:\Program Files\Holtek MCU Development Tools\HT-IDE3000V8.x\LIB\LIBHOLTEKGCC.LIB)
     00h     00c1h     00c6h    0006h      LOCAL    3.1667    _builtin_holtek_mulhi3_isr00 (C:\Program Files\Holtek MCU Development Tools\HT-IDE3000V8.x\LIB\LIBHOLTEKGCC.LIB)
     00h     00c1h     00c1h    0000h      LOCAL    0         _PLT0Recive (c:\users\tech\desktop\smokedetector\project_5240_c-v1.0.12\Output\PLT.OBJ)
     00h     00c1h     00c1h    0000h      LOCAL    0         _PLT1Recive (c:\users\tech\desktop\smokedetector\project_5240_c-v1.0.12\Output\PLT.OBJ)
     00h     00c1h     00c1h    0000h      LOCAL    0         _S_KEY_UPDATE (c:\users\tech\desktop\smokedetector\project_5240_c-v1.0.12\Output\A_KEY_DRV.OBJ)
     00h     00c1h     00c1h    0000h      LOCAL    0         _S_KEY_PROCESS (c:\users\tech\desktop\smokedetector\project_5240_c-v1.0.12\Output\A_KEY_DRV.OBJ)
     00h     00c1h     00c1h    0000h      LOCAL    0         _S_SysTimeTask (c:\users\tech\desktop\smokedetector\project_5240_c-v1.0.12\Output\A_SYS_FUNCTION.OBJ)
     00h     00c1h     00c1h    0000h      LOCAL    0         _S_LED_DRV (c:\users\tech\desktop\smokedetector\project_5240_c-v1.0.12\Output\A_BOARD.OBJ)
     00h     00c1h     00c1h    0000h      LOCAL    0         _S_BUZZ_DRV (c:\users\tech\desktop\smokedetector\project_5240_c-v1.0.12\Output\TM.OBJ)
     00h     00c1h     00c1h    0000h      LOCAL    0         _S_USER_8MS_WORK_PERIOD (c:\users\tech\desktop\smokedetector\project_5240_c-v1.0.12\Output\USERFUNCTION.OBJ)
     00h     00c1h     00c1h    0000h      LOCAL    0         _S_HUSH_COUNT (c:\users\tech\desktop\smokedetector\project_5240_c-v1.0.12\Output\A_BOARD.OBJ)
     00h     00c1h     00c4h    0004h      LOCAL    3         _S_BAT_CHECK (c:\users\tech\desktop\smokedetector\project_5240_c-v1.0.12\Output\A_BOARD.OBJ)
     00h     00c4h     00c4h    0001h      LOCAL    6         _S_MODE_JUDG (c:\users\tech\desktop\smokedetector\project_5240_c-v1.0.12\Output\A_SYS_FUNCTION.OBJ)
     00h     00c5h     00c6h    0002h      LOCAL    1         _S_USER_1S_WORK_PERIOD (c:\users\tech\desktop\smokedetector\project_5240_c-v1.0.12\Output\USERFUNCTION.OBJ)
     00h     00c1h     00c1h    0000h      LOCAL    0         @dummy52 (c:\users\tech\desktop\smokedetector\project_5240_c-v1.0.12\Output\MAIN.OBJ)
     00h     00c1h     00c1h    0000h      LOCAL    0         _TB1_ISR (c:\users\tech\desktop\smokedetector\project_5240_c-v1.0.12\Output\MAIN.OBJ)
     00h     00c1h     00c1h    0000h      LOCAL    0         @dummy12 (c:\users\tech\desktop\smokedetector\project_5240_c-v1.0.12\Output\MAIN.OBJ)
     00h     00c1h     00c1h    0000h      LOCAL    0         _INT1_ISR (c:\users\tech\desktop\smokedetector\project_5240_c-v1.0.12\Output\MAIN.OBJ)
     00h     00bfh     00c0h    0002h      LOCAL    3.5       _S_SFUART_RXINT (c:\users\tech\desktop\smokedetector\project_5240_c-v1.0.12\Output\A_SOFTDEBUG_DRV.OBJ)

     Indepentent Local Sections

     Bank    Start     End      Length     Class    AvgIns    Name
     00h     00c1h     00c1h    0000h      ILOCAL   0         _S_ADC_Init (c:\users\tech\desktop\smokedetector\project_5240_c-v1.0.12\Output\ADC.OBJ)
     00h     00c1h     00c1h    0000h      ILOCAL   0         _S_SM_ISINK0_ON (c:\users\tech\desktop\smokedetector\project_5240_c-v1.0.12\Output\AFE.OBJ)
     00h     00c1h     00c1h    0000h      ILOCAL   0         _S_SM_ISINK1_ON (c:\users\tech\desktop\smokedetector\project_5240_c-v1.0.12\Output\AFE.OBJ)
     00h     00c1h     00c1h    0000h      ILOCAL   0         _S_SM_ISINK0_OFF (c:\users\tech\desktop\smokedetector\project_5240_c-v1.0.12\Output\AFE.OBJ)
     00h     00c1h     00c1h    0000h      ILOCAL   0         _S_SM_ISINK1_OFF (c:\users\tech\desktop\smokedetector\project_5240_c-v1.0.12\Output\AFE.OBJ)
     00h     00c1h     00c1h    0000h      ILOCAL   0         _S_SM_OPA_ON (c:\users\tech\desktop\smokedetector\project_5240_c-v1.0.12\Output\AFE.OBJ)
     00h     00c1h     00c1h    0000h      ILOCAL   0         _S_SM_OPA_OFF (c:\users\tech\desktop\smokedetector\project_5240_c-v1.0.12\Output\AFE.OBJ)
     00h     00c1h     00c1h    0001h      ILOCAL   3         _S_BAT_CK_DELAY (c:\users\tech\desktop\smokedetector\project_5240_c-v1.0.12\Output\AFE.OBJ)
     00h     00c1h     00c1h    0000h      ILOCAL   0         _S_V_CONVER (c:\users\tech\desktop\smokedetector\project_5240_c-v1.0.12\Output\A_BOARD.OBJ)
     00h     00c1h     00c1h    0001h      ILOCAL   6         _S_SM_T_REF (c:\users\tech\desktop\smokedetector\project_5240_c-v1.0.12\Output\A_BOARD.OBJ)
     00h     00c1h     00c2h    0002h      ILOCAL   1.5       _S_WR_EE (c:\users\tech\desktop\smokedetector\project_5240_c-v1.0.12\Output\A_BOARD.OBJ)

     Public Symbols Information
     Address            Public by Name
     0edah              _Crom2Prom
     0edah              _Crom2PromNext
     0080h[0]           _F_BD_DATA_DONT_SAVE
     0081h[0]           _F_NO_SLEEP
     0b41h              _INT1_ISR
     0c76h              _PLT0InputOffsetCalibration
     0dbeh              _PLT0Recive
     0d1ah              _PLT1InputOffsetCalibration
     0dcfh              _PLT1Recive
     0181h              _R16_HUSH_DELAY
     0183h              _R_BAT_ADC
     0184h              _R_BAT_CK_SPACE
     00f4h              _R_BOARD_FG
     00f7h              _R_BUZZ_ALARM_CNT
     00f6h              _R_BUZZ_ALARM_DELAY
     00f8h              _R_BUZZ_ALARM_FG
     00b0h              _R_CACL_A_H
     00b1h              _R_CACL_A_L
     00b2h              _R_CACL_B_H
     00b3h              _R_CACL_B_L
     00fbh              _R_DEBOUNCE_CNT
     00f1h              _R_EE_ADDR
     00f0h              _R_EE_DATA
     00aeh              _R_INTERRESIST_DELAY
     00abh              _R_ISINK0_DELAY
     00a9h              _R_ISINK0_VALUE
     00ach              _R_ISINK1_DELAY
     00aah              _R_ISINK1_VALUE
     00fah              _R_KEY1_STATE
     00fdh              _R_KEY_DEBOUNCE
     00f9h              _R_KEY_ISCHANGE
     00feh              _R_LED_ALARM_DELAY
     0180h              _R_LED_ALARM_FG
     00f2h              _R_LONG_DELAY
     00ffh              _R_NOR_DELAY
     00adh              _R_OPA_DELAY
     0193h              _R_SFCHECK_SUM
     0191h              _R_SFUART_RXCNT
     0185h              _R_SFUART_RXDAT
     0090h              _R_SM_ALARM
     0096h              _R_SM_BD_ALARM
     0099h              _R_SM_BD_KQ_SET
     0095h              _R_SM_BD_ZERO
     00a8h              _R_SM_BD_ZERO_MAX
     00a7h              _R_SM_BD_ZERO_MIN
     008dh              _R_SM_DATA
     0089h              _R_SM_FG
     008ch              _R_SM_IR_DATA
     00a6h              _R_SM_LIB_STATE
     00a2h              _R_SM_TMP
     008bh              _R_SM_ZERO_DATA
     00f3h              _R_SYS_FG
     00f5h              _R_SYS_MODE_FG
     00b4h              _R_TMP0
     00b5h              _R_TMP1
     00b6h              _R_TMP2
     00b7h              _R_TMP3
     00a4h              _R_T_ADC
     0192h              _R_UART_RUNCNT
     00a0h              _R_VDD_ADC
     009eh              _R_VDD_CK_SPACE
     009fh              _R_VDD_CK_SPACE_C
     009ch              _R_VDD_RL_ADC
     0001h              _S_ADC_Init
     02fbh              _S_ADJ_OPA0
     034eh              _S_ADJ_OPA1
     0496h              _S_BAT_CHECK
     03f5h              _S_BAT_CK_DELAY
     0458h              _S_BOARD_INI
     08ddh              _S_BUZZ_DRV
     08c8h              _S_BUZZ_Init
     07dbh              _S_CLR_OUTPUT
     05aah              _S_GPIO_Init
     046fh              _S_HUSH_COUNT
     000ah              _S_KEY_Init
     05e4h              _S_KEY_PROCESS
     05beh              _S_KEY_UPDATE
     0418h              _S_LED_DRV
     07f3h              _S_MODE_JUDG
     03a1h              _S_OPA_Init
     03e6h              _S_OPA_STATIME
     08c6h              _S_PTM_Init
     0400h              _S_RAM_Init
     0605h              _S_RCC_Init
     0280h              _S_READ_ADC
     008ah              _S_READ_SMOKE_DATA
     01e4h              _S_SBR_DIV_16_CALC
     0679h              _S_SFUART_DEAL
     0617h              _S_SFUART_Init
     0649h              _S_SFUART_RXINT
     0624h              _S_SFUART_SEND
     01aah              _S_SM_ALARM_CHECK
     007dh              _S_SM_BD_AIR
     010ah              _S_SM_BD_ALARM
     0083h              _S_SM_BD_SM
     00cdh              _S_SM_BD_ZERO
     0073h              _S_SM_INI
     044eh              _S_SM_INIT
     01d0h              _S_SM_IR_ERR_CHECK
     0031h              _S_SM_ISINK0_OFF
     0022h              _S_SM_ISINK0_ON
     0007h              _S_SM_ISINK1_OFF
     0029h              _S_SM_ISINK1_ON
     03c4h              _S_SM_OPA_OFF
     03c0h              _S_SM_OPA_ON
     03c8h              _S_SM_TX0_DELAY
     03d7h              _S_SM_TX1_DELAY
     0524h              _S_SM_T_REF
     0772h              _S_SOFTDEBUG_Output
     08d2h              _S_STM_Init
     01fbh              _S_SUR_MUL_16_8_CALC
     07e3h              _S_SYS_DELAY
     07ceh              _S_SysTimeTask
     0030h              _S_TB0_ISR
     060bh              _S_Timebase_Init
     0b66h              _S_USER_1S_WORK_PERIOD
     0b65h              _S_USER_8MS_WORK_PERIOD
     000bh              _S_USER_INIT
     050dh              _S_V_CONVER
     0587h              _S_WR_EE
     0af4h              _TB1_ISR
     00e4h              _VC0OS1
     00e6h              _VC0OS2
     00e8h              _VC1OS1
     00eah              _VC1OS2
     0de3h              __DELAYX0
     0de2h              __DELAYX1
     0de2h              __DELAYX2
     0de1h              __DELAYX3
     0de1h              __DELAYX4
     0de0h              __DELAYX5
     0de0h              __DELAYX6
     0dech              __DELAYY0_isr00
     0dech              __DELAYY1_isr00
     0debh              __DELAYY2_isr00
     0debh              __DELAYY3_isr00
     0deah              __DELAYY4_isr00
     0deah              __DELAYY5_isr00
     0e60h              _builtin_holtek_mulhi3_isr00
     0ebbh              _builtin_holtek_mulsi3_isr00
     0e3bh              _builtin_holtek_udivmodhi4_isr00
     0df8h              _builtin_holtek_udivmodsi4_isr00
     00c7h              _builtin_holtek_udivmodsi4_isr00_2
     00d8h              _firstOneTurnON
     0938h              _main
     0195h              _mem_temp
     0194h              _ntemp
     0198h              _offset0
     019ah              _offset1
     0bc6h              _print
     00c9h              _print_2
     0196h              _r
     0e7eh              _rand
     00d9h              _randomDelay
     019ch              _randx
     0af9h              _read_temprature
     0e73h              _srand
     0197h              _temp_ADC
     0244h              _temprature1_250table
     00ddh              _timeOUTDelay
     00bdh              r10c
     00bbh              r134
     00beh              r20c
     00bch              r234
     01a0h              r30c
     01a1h              r40c
     01a2h              r50c
     01a3h              r60c
     0082h              ra
     00b8h              ra0c
     0083h              rb
     00b9h              rb0c
     0084h              rc
     00bah              rc0c
     0085h              rd
     0086h              re
     0087h              rf
     0088h              rg
     000fh              startup_value_1

     Address            Public by Value
     0001h              _S_ADC_Init
     0007h              _S_SM_ISINK1_OFF
     000ah              _S_KEY_Init
     000bh              _S_USER_INIT
     000fh              startup_value_1
     0022h              _S_SM_ISINK0_ON
     0029h              _S_SM_ISINK1_ON
     0030h              _S_TB0_ISR
     0031h              _S_SM_ISINK0_OFF
     0073h              _S_SM_INI
     007dh              _S_SM_BD_AIR
     0082h              ra
     0083h              rb
     0083h              _S_SM_BD_SM
     0084h              rc
     0085h              rd
     0086h              re
     0087h              rf
     0088h              rg
     0089h              _R_SM_FG
     008ah              _S_READ_SMOKE_DATA
     008bh              _R_SM_ZERO_DATA
     008ch              _R_SM_IR_DATA
     008dh              _R_SM_DATA
     0090h              _R_SM_ALARM
     0095h              _R_SM_BD_ZERO
     0096h              _R_SM_BD_ALARM
     0099h              _R_SM_BD_KQ_SET
     009ch              _R_VDD_RL_ADC
     009eh              _R_VDD_CK_SPACE
     009fh              _R_VDD_CK_SPACE_C
     00a0h              _R_VDD_ADC
     00a2h              _R_SM_TMP
     00a4h              _R_T_ADC
     00a6h              _R_SM_LIB_STATE
     00a7h              _R_SM_BD_ZERO_MIN
     00a8h              _R_SM_BD_ZERO_MAX
     00a9h              _R_ISINK0_VALUE
     00aah              _R_ISINK1_VALUE
     00abh              _R_ISINK0_DELAY
     00ach              _R_ISINK1_DELAY
     00adh              _R_OPA_DELAY
     00aeh              _R_INTERRESIST_DELAY
     00b0h              _R_CACL_A_H
     00b1h              _R_CACL_A_L
     00b2h              _R_CACL_B_H
     00b3h              _R_CACL_B_L
     00b4h              _R_TMP0
     00b5h              _R_TMP1
     00b6h              _R_TMP2
     00b7h              _R_TMP3
     00b8h              ra0c
     00b9h              rb0c
     00bah              rc0c
     00bbh              r134
     00bch              r234
     00bdh              r10c
     00beh              r20c
     00c7h              _builtin_holtek_udivmodsi4_isr00_2
     00c9h              _print_2
     00cdh              _S_SM_BD_ZERO
     00d8h              _firstOneTurnON
     00d9h              _randomDelay
     00ddh              _timeOUTDelay
     00e4h              _VC0OS1
     00e6h              _VC0OS2
     00e8h              _VC1OS1
     00eah              _VC1OS2
     00f0h              _R_EE_DATA
     00f1h              _R_EE_ADDR
     00f2h              _R_LONG_DELAY
     00f3h              _R_SYS_FG
     00f4h              _R_BOARD_FG
     00f5h              _R_SYS_MODE_FG
     00f6h              _R_BUZZ_ALARM_DELAY
     00f7h              _R_BUZZ_ALARM_CNT
     00f8h              _R_BUZZ_ALARM_FG
     00f9h              _R_KEY_ISCHANGE
     00fah              _R_KEY1_STATE
     00fbh              _R_DEBOUNCE_CNT
     00fdh              _R_KEY_DEBOUNCE
     00feh              _R_LED_ALARM_DELAY
     00ffh              _R_NOR_DELAY
     010ah              _S_SM_BD_ALARM
     0180h              _R_LED_ALARM_FG
     0181h              _R16_HUSH_DELAY
     0183h              _R_BAT_ADC
     0184h              _R_BAT_CK_SPACE
     0185h              _R_SFUART_RXDAT
     0191h              _R_SFUART_RXCNT
     0192h              _R_UART_RUNCNT
     0193h              _R_SFCHECK_SUM
     0194h              _ntemp
     0195h              _mem_temp
     0196h              _r
     0197h              _temp_ADC
     0198h              _offset0
     019ah              _offset1
     019ch              _randx
     01a0h              r30c
     01a1h              r40c
     01a2h              r50c
     01a3h              r60c
     01aah              _S_SM_ALARM_CHECK
     01d0h              _S_SM_IR_ERR_CHECK
     01e4h              _S_SBR_DIV_16_CALC
     01fbh              _S_SUR_MUL_16_8_CALC
     0244h              _temprature1_250table
     0280h              _S_READ_ADC
     02fbh              _S_ADJ_OPA0
     034eh              _S_ADJ_OPA1
     03a1h              _S_OPA_Init
     03c0h              _S_SM_OPA_ON
     03c4h              _S_SM_OPA_OFF
     03c8h              _S_SM_TX0_DELAY
     03d7h              _S_SM_TX1_DELAY
     03e6h              _S_OPA_STATIME
     03f5h              _S_BAT_CK_DELAY
     0400h              _S_RAM_Init
     0080h[0]           _F_BD_DATA_DONT_SAVE
     0081h[0]           _F_NO_SLEEP
     0418h              _S_LED_DRV
     044eh              _S_SM_INIT
     0458h              _S_BOARD_INI
     046fh              _S_HUSH_COUNT
     0496h              _S_BAT_CHECK
     050dh              _S_V_CONVER
     0524h              _S_SM_T_REF
     0587h              _S_WR_EE
     05aah              _S_GPIO_Init
     05beh              _S_KEY_UPDATE
     05e4h              _S_KEY_PROCESS
     0605h              _S_RCC_Init
     060bh              _S_Timebase_Init
     0617h              _S_SFUART_Init
     0624h              _S_SFUART_SEND
     0649h              _S_SFUART_RXINT
     0679h              _S_SFUART_DEAL
     0772h              _S_SOFTDEBUG_Output
     07ceh              _S_SysTimeTask
     07dbh              _S_CLR_OUTPUT
     07e3h              _S_SYS_DELAY
     07f3h              _S_MODE_JUDG
     08c6h              _S_PTM_Init
     08c8h              _S_BUZZ_Init
     08d2h              _S_STM_Init
     08ddh              _S_BUZZ_DRV
     0938h              _main
     0af4h              _TB1_ISR
     0af9h              _read_temprature
     0b41h              _INT1_ISR
     0b65h              _S_USER_8MS_WORK_PERIOD
     0b66h              _S_USER_1S_WORK_PERIOD
     0bc6h              _print
     0c76h              _PLT0InputOffsetCalibration
     0d1ah              _PLT1InputOffsetCalibration
     0dbeh              _PLT0Recive
     0dcfh              _PLT1Recive
     0de0h              __DELAYX6
     0de0h              __DELAYX5
     0de1h              __DELAYX4
     0de1h              __DELAYX3
     0de2h              __DELAYX2
     0de2h              __DELAYX1
     0de3h              __DELAYX0
     0deah              __DELAYY5_isr00
     0deah              __DELAYY4_isr00
     0debh              __DELAYY3_isr00
     0debh              __DELAYY2_isr00
     0dech              __DELAYY1_isr00
     0dech              __DELAYY0_isr00
     0df8h              _builtin_holtek_udivmodsi4_isr00
     0e3bh              _builtin_holtek_udivmodhi4_isr00
     0e60h              _builtin_holtek_mulhi3_isr00
     0e73h              _srand
     0e7eh              _rand
     0ebbh              _builtin_holtek_mulsi3_isr00
     0edah              _Crom2PromNext
     0edah              _Crom2Prom


ROM Usage Statistics
     Size      Used     Percentage
     1000h     0ee8h    93%

RAM Usage Statistics
    Bank      Size      Used     Percentage
     00h       0080h     0080h    100%
     01h       0080h     0024h    28%
     Total     0100h     00a4h    64%

Use Stack Count
_S_SM_TX0_DELAY: 1
_S_SM_TX1_DELAY: 1
_S_OPA_STATIME: 1
_S_V_CONVER: 0
_S_SFUART_DEAL: 1
_S_SOFTDEBUG_Output: 1
_main: 4
_TB1_ISR: 0
_INT1_ISR: 2

Call Tree
    _S_SM_TX0_DELAY
        __DELAYX (0)
    _S_SM_TX1_DELAY
        __DELAYX (0)
    _S_OPA_STATIME
        __DELAYX (0)
    _S_V_CONVER
    _S_SFUART_DEAL
        _Crom2Prom (0)
        _S_CLR_OUTPUT (0)
    _S_SOFTDEBUG_Output
        _S_SFUART_SEND (0)
    @dummy
        _main (0)
            _S_RAM_Init (1)
            _S_GPIO_Init (1)
            _S_RCC_Init (1)
            _S_OPA_Init (1)
                _S_ADJ_OPA0 (2)
                    _builtin_holtek_delay_isr00 (3)
                _S_ADJ_OPA1 (2)
                    _builtin_holtek_delay_isr00 (3)
            _S_PTM_Init (1)
                _S_BUZZ_Init (2)
            _S_STM_Init (1)
            _S_SM_INIT (1)
            _S_BOARD_INI (1)
                _S_CLR_OUTPUT (2)
            _S_KEY_Init (1)
            _S_SFUART_Init (1)
            _S_USER_INIT (1)
            _S_Timebase_Init (1)
            _S_SYS_DELAY (1)
                _builtin_holtek_delay_isr00 (2)
            _S_READ_ADC (1)
                __DELAYX (2)
            _read_temprature (1)
                _Crom2Prom (2)
            _PLT0InputOffsetCalibration (1)
            _PLT1InputOffsetCalibration (1)
            _srand (1)
            _rand (1)
                _builtin_holtek_mulsi3_isr00 (2)
            _builtin_holtek_divmodsi4_isr00 (1)
            _print (1)
                _S_SFUART_SEND (2)
                _builtin_holtek_divmodhi4_isr00 (2)
                _builtin_holtek_mulhi3_isr00 (2)
            _S_SFUART_SEND (1)
            _PLT0Recive (1)
            _PLT1Recive (1)
            _S_KEY_UPDATE (1)
            _S_KEY_PROCESS (1)
            _S_SysTimeTask (1)
            _S_LED_DRV (1)
            _S_BUZZ_DRV (1)
            _S_USER_8MS_WORK_PERIOD (1)
            _S_HUSH_COUNT (1)
            _S_BAT_CHECK (1)
            _S_MODE_JUDG (1)
                _S_CLR_OUTPUT (2)
                _S_SYS_DELAY (2)
                    _builtin_holtek_delay_isr00 (3)
                __DELAYX (2)
                _builtin_holtek_delay_isr00 (2)
                _S_READ_ADC (2)
                    __DELAYX (3)
            _S_USER_1S_WORK_PERIOD (1)
                _PLT0Recive (2)
                _PLT1Recive (2)
                _S_HUSH_COUNT (2)
                _S_BAT_CHECK (2)
                _S_MODE_JUDG (2)
                    _S_CLR_OUTPUT (3)
                    _S_SYS_DELAY (3)
                        _builtin_holtek_delay_isr00 (4)
                    __DELAYX (3)
                    _builtin_holtek_delay_isr00 (3)
                    _S_READ_ADC (3)
                        __DELAYX (4)
    @dummy52
        _TB1_ISR (0)
    @dummy12
        _INT1_ISR (0)
            _S_SFUART_RXINT (1)
                __DELAYX (2)

HLINK: Program entry point at section '@code' (address 0) of file 'c:\users\tech\desktop\smokedetector\project_5240_c-v1.0.12\Output\MAIN.OBJ'

Total 0 error(s), Total 0 Warning(s)
